<?xml version="1.0" encoding="UTF-8"?>
<testsuites name="jest tests" tests="10" failures="0" errors="0" time="3.963">
  <testsuite name="array helper:" errors="0" failures="0" skipped="0" timestamp="2023-05-29T11:51:04" time="0.734" tests="1">
    <testcase classname="array helper: sorts array of object by key" name="array helper: sorts array of object by key" time="0.001">
    </testcase>
  </testsuite>
  <testsuite name="Debounce helper:" errors="0" failures="0" skipped="0" timestamp="2023-05-29T11:51:04" time="0.803" tests="1">
    <testcase classname="Debounce helper: debounces function execution by {delay}ms" name="Debounce helper: debounces function execution by {delay}ms" time="0.002">
    </testcase>
  </testsuite>
  <testsuite name="Media query helper" errors="0" failures="0" skipped="0" timestamp="2023-05-29T11:51:04" time="0.805" tests="1">
    <testcase classname="Media query helper appends media query rule" name="Media query helper appends media query rule" time="0.001">
    </testcase>
  </testsuite>
  <testsuite name="url helper:" errors="0" failures="0" skipped="0" timestamp="2023-05-29T11:51:04" time="0.91" tests="1">
    <testcase classname="url helper: builds URL query params from object" name="url helper: builds URL query params from object" time="0.001">
    </testcase>
  </testsuite>
  <testsuite name="string helper" errors="0" failures="0" skipped="0" timestamp="2023-05-29T11:51:05" time="0.214" tests="1">
    <testcase classname="string helper formats average value from string" name="string helper formats average value from string" time="0.001">
    </testcase>
  </testsuite>
  <testsuite name="LazyImage component:" errors="0" failures="0" skipped="0" timestamp="2023-05-29T11:51:04" time="1.136" tests="2">
    <testcase classname="LazyImage component: lazy loads image" name="LazyImage component: lazy loads image" time="0.045">
    </testcase>
    <testcase classname="LazyImage component: shows error image" name="LazyImage component: shows error image" time="0.012">
    </testcase>
  </testsuite>
  <testsuite name="Main application" errors="0" failures="0" skipped="0" timestamp="2023-05-29T11:51:04" time="3.115" tests="1">
    <testcase classname="Main application renders main application" name="Main application renders main application" time="0.218">
    </testcase>
  </testsuite>
  <testsuite name="Dogs list component" errors="0" failures="0" skipped="0" timestamp="2023-05-29T11:51:04" time="3.231" tests="2">
    <testcase classname="Dogs list component renders dogs list correctly" name="Dogs list component renders dogs list correctly" time="0.265">
    </testcase>
    <testcase classname="Dogs list edge case: empty data renders empty list on empty data response" name="Dogs list edge case: empty data renders empty list on empty data response" time="0.072">
    </testcase>
  </testsuite>
</testsuites>